// Jest Snapshot v1, https://goo.gl/fbAQLP

exports[`Fetch makes an API call and displays the commits when Get Last Commits is clicked 1`] = `
Object {
  "asFragment": [Function],
  "baseElement": <body>
    <div>
      <div
        class="card-panel"
        data-testid="testRepoCommit"
      >
        <ol
          class="list-group"
        >
          <li
            class="list-group-item list-group-item-action"
          >
            Change the website backgroung image
          </li>
          <li
            class="list-group-item list-group-item-action"
          >
            Add Login to website
          </li>
        </ol>
        <button
          class="btn btn-primary"
        >
          Get Last Commits
        </button>
      </div>
    </div>
  </body>,
  "container": <div>
    <div
      class="card-panel"
      data-testid="testRepoCommit"
    >
      <ol
        class="list-group"
      >
        <li
          class="list-group-item list-group-item-action"
        >
          Change the website backgroung image
        </li>
        <li
          class="list-group-item list-group-item-action"
        >
          Add Login to website
        </li>
      </ol>
      <button
        class="btn btn-primary"
      >
        Get Last Commits
      </button>
    </div>
  </div>,
  "debug": [Function],
  "getAllByAltText": [Function],
  "getAllByDisplayValue": [Function],
  "getAllByLabelText": [Function],
  "getAllByPlaceholderText": [Function],
  "getAllByRole": [Function],
  "getAllBySelectText": [Function],
  "getAllByTestId": [Function],
  "getAllByText": [Function],
  "getAllByTitle": [Function],
  "getAllByValue": [Function],
  "getByAltText": [Function],
  "getByDisplayValue": [Function],
  "getByLabelText": [Function],
  "getByPlaceholderText": [Function],
  "getByRole": [Function],
  "getBySelectText": [Function],
  "getByTestId": [Function],
  "getByText": [Function],
  "getByTitle": [Function],
  "getByValue": [Function],
  "queryAllByAltText": [Function],
  "queryAllByDisplayValue": [Function],
  "queryAllByLabelText": [Function],
  "queryAllByPlaceholderText": [Function],
  "queryAllByRole": [Function],
  "queryAllBySelectText": [Function],
  "queryAllByTestId": [Function],
  "queryAllByText": [Function],
  "queryAllByTitle": [Function],
  "queryAllByValue": [Function],
  "queryByAltText": [Function],
  "queryByDisplayValue": [Function],
  "queryByLabelText": [Function],
  "queryByPlaceholderText": [Function],
  "queryByRole": [Function],
  "queryBySelectText": [Function],
  "queryByTestId": [Function],
  "queryByText": [Function],
  "queryByTitle": [Function],
  "queryByValue": [Function],
  "rerender": [Function],
  "unmount": [Function],
}
`;
